
=== FULL RESPONSE ===

{
  "success": true,
  "data": {
    "platform": "youtube",
    "title": "The Dark Truth About Owning An Apple Product!",
    "description": "≡ƒÜ¿ Bought a discounted MacBook M3 Pro and it showed \"Liquid Damage\" out of nowhere ΓÇô Apple quoted Γé╣69,620 just to fix it! We compared repair costs across ALL popular Mac models and the results are INSANE. This is the dark reality of \"discount\" MacBooks that no one tells you about! ≡ƒÆ╕ΓÜá∩╕Å",
    "username": "TechWiser",
    "category": "Science & Technology",
    "keywords": [
      "TechWiser"
    ],
    "urls": {
      "thumbnail": "https://i.ytimg.com/vi/pQ8ixfi8s4U/maxresdefault.jpg?sqp=-oaymwEmCIAKENAF8quKqQMa8AEB-AG2CIACgA-KAgwIABABGH8gQygwMA8=&rs=AOn4CLDEKDueTqpw75FyEgU1MNl9rVEHsg",
      "original_url": "https://youtube.com/shorts/pQ8ixfi8s4U",
      "direct_urls": [
        {
          "url": "https://youtube.com/shorts/pQ8ixfi8s4U",
          "quality": null,
          "format": "mp4",
          "type": "video"
        }
      ]
    }
  }
}

=== SPECIFIC FIELDS ===
Username: TechWiser
Category: Science & Technology
Thumbnail: https://i.ytimg.com/vi/pQ8ixfi8s4U/maxresdefault.jpg?sqp=-oaymwEmCIAKENAF8quKqQMa8AEB-AG2CIACgA-KAgwIABABGH8gQygwMA8=&rs=AOn4CLDEKDueTqpw75FyEgU1MNl9rVEHsg
Keywords: [ 'TechWiser' ]
